error[E0369]: cannot add `{integer}` to `T`
 --> tests/failures/stable/generics_bad_usage.rs:1:37
  |
1 | fn foo<T>(arg: T) -> T { return arg + 1; }
  |                                 --- ^ - {integer}
  |                                 |
  |                                 T
  |
help: consider restricting type parameter `T`
  |
1 | fn foo<T: std::ops::Add<i32>>(arg: T) -> T { return arg + 1; }
  |         ++++++++++++++++++++
